          node_ID  time_step  feature_1  ...  feature_163  feature_164  feature_165
0         5530458          1  -0.171484  ...    -0.097524    -0.120613    -0.119792
1       232022460          1  -0.172107  ...    -0.183671    -0.120613    -0.119792
2       232438397          1   0.163054  ...     0.677799    -0.120613    -0.119792
3       230460314          1   1.011523  ...     1.293750     0.178136     0.179117
4       230459870          1   0.961040  ...     1.149556    -0.696053    -0.695540
...           ...        ...        ...  ...          ...          ...          ...
203763  173077460         49  -0.145771  ...    -0.097524    -0.120613    -0.119792
203764  158577750         49  -0.165920  ...    -0.140597    -1.760926    -1.760984
203765  158375402         49  -0.172014  ...    -0.097524    -0.120613    -0.119792
203766  158654197         49  -0.172842  ...    -0.140597     1.519700     1.521399
203767  157597225         49  -0.012037  ...    -0.140597     1.519700     1.521399

[203768 rows x 167 columns]
Merged dataset info:
Shape: (203768, 168)
Columns: ['node_ID', 'time_step', 'feature_1', 'feature_2', 'feature_3', 'feature_4', 'feature_5', 'feature_6', 'feature_7', 'feature_8', 'feature_9', 'feature_10', 'feature_11', 'feature_12', 'feature_13', 'feature_14', 'feature_15', 'feature_16', 'feature_17', 'feature_18', 'feature_19', 'feature_20', 'feature_21', 'feature_22', 'feature_23', 'feature_24', 'feature_25', 'feature_26', 'feature_27', 'feature_28', 'feature_29', 'feature_30', 'feature_31', 'feature_32', 'feature_33', 'feature_34', 'feature_35', 'feature_36', 'feature_37', 'feature_38', 'feature_39', 'feature_40', 'feature_41', 'feature_42', 'feature_43', 'feature_44', 'feature_45', 'feature_46', 'feature_47', 'feature_48', 'feature_49', 'feature_50', 'feature_51', 'feature_52', 'feature_53', 'feature_54', 'feature_55', 'feature_56', 'feature_57', 'feature_58', 'feature_59', 'feature_60', 'feature_61', 'feature_62', 'feature_63', 'feature_64', 'feature_65', 'feature_66', 'feature_67', 'feature_68', 'feature_69', 'feature_70', 'feature_71', 'feature_72', 'feature_73', 'feature_74', 'feature_75', 'feature_76', 'feature_77', 'feature_78', 'feature_79', 'feature_80', 'feature_81', 'feature_82', 'feature_83', 'feature_84', 'feature_85', 'feature_86', 'feature_87', 'feature_88', 'feature_89', 'feature_90', 'feature_91', 'feature_92', 'feature_93', 'feature_94', 'feature_95', 'feature_96', 'feature_97', 'feature_98', 'feature_99', 'feature_100', 'feature_101', 'feature_102', 'feature_103', 'feature_104', 'feature_105', 'feature_106', 'feature_107', 'feature_108', 'feature_109', 'feature_110', 'feature_111', 'feature_112', 'feature_113', 'feature_114', 'feature_115', 'feature_116', 'feature_117', 'feature_118', 'feature_119', 'feature_120', 'feature_121', 'feature_122', 'feature_123', 'feature_124', 'feature_125', 'feature_126', 'feature_127', 'feature_128', 'feature_129', 'feature_130', 'feature_131', 'feature_132', 'feature_133', 'feature_134', 'feature_135', 'feature_136', 'feature_137', 'feature_138', 'feature_139', 'feature_140', 'feature_141', 'feature_142', 'feature_143', 'feature_144', 'feature_145', 'feature_146', 'feature_147', 'feature_148', 'feature_149', 'feature_150', 'feature_151', 'feature_152', 'feature_153', 'feature_154', 'feature_155', 'feature_156', 'feature_157', 'feature_158', 'feature_159', 'feature_160', 'feature_161', 'feature_162', 'feature_163', 'feature_164', 'feature_165', 'class_label']
Number of edges in the transaction network: 234355
Shape of dataset: (203768, 168)
Class Distribution:
unknown: 157204 transactions (77.15%)
2: 42019 transactions (20.62%)
1: 4545 transactions (2.23%)
Edgelist info:
Shape: (234355, 2)
Columns: ['txId1', 'txId2']
Missing values analysis:
Total missing values: 0
Columns with missing values: Series([], dtype: int64)

Basic statistics for first few features:
Time step analysis:
Time steps range: 1 to 49
Number of unique time steps: 49
Transactions per time step:
time_step
1     7879
2     4544
3     6621
4     5693
5     6803
6     4328
7     6048
8     4457
9     4996
10    6727
Name: count, dtype: int64
Feature scale comparison:
         feature_1     feature_2  feature_3     feature_4     feature_5
min  -1.729826e-01 -2.105526e-01  -1.756361 -1.219696e-01 -6.372457e-02
max   7.168197e+01  7.359505e+01   2.683580  4.902760e+01  2.600907e+02
mean  8.414927e-07  9.062637e-07   0.000006  5.985709e-07  2.153162e-07
std   1.000005e+00  1.000005e+00   1.000001  1.000005e+00  1.000005e+00
Class distribution by time period:
class_label    1     2  unknown
time_step                      
1             17  2130     5732
2             18  1099     3427
3             11  1268     5342
4             30  1410     4253
5              8  1874     4921
6              5   480     3843
7            102  1101     4845
8             67  1098     3292
9            248   530     4218
10            18   954     5755
Available columns: ['1', '2', 'unknown']
Illicit transaction percentage by time period:
class_label  illicit_percentage
time_step                      
1                          0.22
2                          0.40
3                          0.17
4                          0.53
5                          0.12
6                          0.12
7                          1.69
8                          1.50
9                          4.96
10                         0.27
11                         3.05
12                         0.78
13                         6.43
14                         2.13
15                         4.04
16                         4.30
17                         2.92
18                         2.63
19                         2.28
20                         6.06
21                         2.83
22                         2.68
23                         1.27
24                         2.98
25                         5.10
26                         3.80
27                         2.20
28                         5.14
29                         7.70
30                         3.34
31                         3.76
32                         7.56
33                         0.73
34                         1.49
35                         3.30
36                         0.52
37                         1.21
38                         3.84
39                         2.93
40                         2.50
41                         2.17
42                         3.35
43                         0.47
44                         0.48
45                         0.09
46                         0.06
47                         0.43
48                         1.22
49                         2.28
Feature comparison between high and low fraud periods:
High fraud periods - Feature means:
feature_1   -0.060535
feature_2   -0.132504
feature_3   -0.311435
dtype: float64

Low fraud periods - Feature means:
feature_1    0.110429
feature_2   -0.157417
feature_3   -0.879280
dtype: float64
Data Distribution for Modeling:
==================================================
Labeled transactions: 46,564 (22.9%)
Unlabeled transactions: 157,204 (77.1%)

Labeled class distribution:
Class 2: 42,019 transactions (90.2%)
Class 1: 4,545 transactions (9.8%)

Class imbalance ratio (illicit:licit): 1:9
Temporal distribution of labeled data:
==================================================
Time periods with labeled data:
class_label    1     2  total_labeled  illicit_pct
time_step                                         
1             17  2130           2147          0.8
2             18  1099           1117          1.6
3             11  1268           1279          0.9
4             30  1410           1440          2.1
5              8  1874           1882          0.4
6              5   480            485          1.0
7            102  1101           1203          8.5
8             67  1098           1165          5.8
9            248   530            778         31.9
10            18   954            972          1.9

Time periods with no labeled data:
All time periods have some labeled data
TRAIN/TEST SPLIT STRATEGY ANALYSIS
==================================================
Option 1: Random Split (ignoring temporal structure)
Random split - Train: 37,251, Test: 9,313
Train class distribution: {'2': 33615, '1': 3636}
Test class distribution: {'2': 8404, '1': 909}

Option 2: Temporal Split (respecting time structure)
Temporal split - Train (≤35): 31,235, Test (>35): 15,329
Train class distribution: {'2': 27591, '1': 3644}
Test class distribution: {'2': 14428, '1': 901}

Train period illicit rate: 11.7%
Test period illicit rate: 5.9%
FRAUD CAMPAIGN ANALYSIS - TRAIN VS TEST
==================================================
Train periods: [np.int64(1), np.int64(2), np.int64(3), np.int64(4), np.int64(5), np.int64(6), np.int64(7), np.int64(8), np.int64(9), np.int64(10), np.int64(11), np.int64(12), np.int64(13), np.int64(14), np.int64(15), np.int64(16), np.int64(17), np.int64(18), np.int64(19), np.int64(20), np.int64(21), np.int64(22), np.int64(23), np.int64(24), np.int64(25), np.int64(26), np.int64(27), np.int64(28), np.int64(29), np.int64(30), np.int64(31), np.int64(32), np.int64(33), np.int64(34), np.int64(35)]
Test periods: [np.int64(36), np.int64(37), np.int64(38), np.int64(39), np.int64(40), np.int64(41), np.int64(42), np.int64(43), np.int64(44), np.int64(45), np.int64(46), np.int64(47), np.int64(48), np.int64(49)]

Major fraud campaigns in TRAIN: [13, 20, 9, 16, 15]
Major fraud campaigns in TEST: []

Implication: Model will have fraud campaign examples for training
IMPLEMENTING HYBRID PSEUDO-LABELING + SMOTE STRATEGY
============================================================
Step 1: Training initial model on 31,235 labeled samples from periods 1-35
Training data illicit rate: 11.7%

Step 2: Generating pseudo-labels for 157,204 unlabeled transactions...

Pseudo-labeling confidence analysis:
Confidence > 0.8: 136,427 predictions (86.8%)
  Predicted illicit: 3,108, Predicted licit: 133,319
  Ratio (licit:illicit): 42.9:1
Confidence > 0.9: 109,663 predictions (69.8%)
  Predicted illicit: 2,113, Predicted licit: 107,550
  Ratio (licit:illicit): 50.9:1
Confidence > 0.95: 79,066 predictions (50.3%)
  Predicted illicit: 1,779, Predicted licit: 77,287
  Ratio (licit:illicit): 43.4:1

Step 3: Creating enhanced training dataset with pseudo-labels
============================================================
Selected 109,663 high-confidence pseudo-labels (threshold: 0.9)
Pseudo-label distribution:
  Class 2: 107,550 (98.1%)
  Class 1: 2,113 (1.9%)

Combining original labeled data with pseudo-labels:
Original labeled data: 31,235
High-confidence pseudo-labels: 109,663
Enhanced training set size: 140,898
Enhanced class distribution:
  Class 2: 135,141 (95.9%)
  Class 1: 5,757 (4.1%)

Class imbalance improvement:
Original ratio (licit:illicit): 9:1
Enhanced ratio (licit:illicit): 23.5:1

Step 4: Applying SMOTE for additional class balancing
============================================================
Checking for missing values...
Total NaN values found: 0

Applying SMOTE with sampling strategy 0.2 (target ratio ~1:5)
Before SMOTE: 140,898 samples
After SMOTE: 162,169 samples
Final class distribution:
  Class 2: 135,141 (83.3%)
  Class 1: 27,028 (16.7%)

Final class ratio (licit:illicit): 5.0:1

Summary of hybrid approach effectiveness:
Original labeled data: 31,235 (ratio 9:1)
+ Pseudo-labeling: 140,898 (ratio 23.5:1)
+ SMOTE: 162,169 (ratio 5.0:1)
TEMPORAL FEATURE ENGINEERING
============================================================
Creating temporal features...
Temporal features created:
- time_step_normalized: count    203768.000000
mean          0.475918
std           0.316086
min           0.000000
25%           0.166667
50%           0.458333
75%           0.770833
max           1.000000
Name: time_step_normalized, dtype: float64
- time_period_early: 77,603 transactions
- time_period_mid: 56,175 transactions
- time_period_late: 69,990 transactions
- in_fraud_campaign: 20,429 transactions (10.0%)

Temporal features by transaction class:

Class 1 (illicit):
  In fraud campaign: 23.6%
  Early period: 28.2%
  Mid period: 47.2%
  Late period: 24.6%

Class 2 (licit):
  In fraud campaign: 6.1%
  Early period: 35.1%
  Mid period: 26.6%
  Late period: 38.2%
GRAPH-BASED FEATURE ENGINEERING
============================================================
Building directed transaction graph G = (N, E)...
Graph constructed in 0.69s
  Nodes (transactions): 203,769
  Edges (Bitcoin flows): 234,355
  Network density: 0.000006

Calculating structural features for all transactions...
Degree centrality calculated (0.28s)
Calculating PageRank scores...
PageRank calculated (0.40s)

============================================================
GRAPH FEATURE ANALYSIS BY TRANSACTION CLASS
============================================================

Illicit Transactions (Class 1, n=4,545):
  Mean in-degree:    1.270
  Mean out-degree:   0.742
  Mean total degree: 2.012
  Mean PageRank:     0.00000418
  Max PageRank:      0.00040572

Licit Transactions (Class 2, n=42,019):
  Mean in-degree:    1.909
  Mean out-degree:   1.186
  Mean total degree: 3.095
  Mean PageRank:     0.00000596
  Max PageRank:      0.00052677

Graph-based feature engineering completed
New features added: in_degree, out_degree, total_degree, pagerank
PREPARING FEATURES AND LABELS
============================================================
Total features: 165
  Original features:  165

Converting SMOTE arrays to DataFrames...
Preparing test data from periods 36-49...
Checking for NaN values in test data...
Total NaN values in test set: 0

Train set: (162169, 165)
Test set:  (61997, 165)

Class distribution (train): {'2': 135141, '1': 27028}
Class distribution (test):  {'unknown': 46668, '2': 14428, '1': 901}

Feature preparation completed
TRAINING BASELINE MODEL: LOGISTIC REGRESSION
============================================================
Scaling features...
Training Logistic Regression...
Process LokyProcess-11:
Process LokyProcess-13:
Process LokyProcess-14:
Process LokyProcess-12:
Process LokyProcess-5:
Process LokyProcess-6:
Process LokyProcess-10:
Process LokyProcess-8:
Process LokyProcess-4:
Process LokyProcess-7:
Process LokyProcess-9:
Process LokyProcess-3:
Process LokyProcess-1:
Traceback (most recent call last):
Traceback (most recent call last):
Traceback (most recent call last):
Traceback (most recent call last):
Traceback (most recent call last):
Traceback (most recent call last):
Traceback (most recent call last):
Traceback (most recent call last):
Traceback (most recent call last):
Traceback (most recent call last):
Traceback (most recent call last):
Traceback (most recent call last):
  File "/root/Ilicit-Transaction-Detection-in-Cryptocurrency-Networks/.venv/lib/python3.13/site-packages/joblib/externals/loky/process_executor.py", line 453, in _process_worker
    call_item = call_queue.get(block=True, timeout=timeout)
  File "/usr/lib/python3.13/multiprocessing/queues.py", line 106, in get
    if not self._rlock.acquire(block, timeout):
           ~~~~~~~~~~~~~~~~~~~^^^^^^^^^^^^^^^^
  File "/root/Ilicit-Transaction-Detection-in-Cryptocurrency-Networks/.venv/lib/python3.13/site-packages/joblib/externals/loky/process_executor.py", line 453, in _process_worker
    call_item = call_queue.get(block=True, timeout=timeout)
KeyboardInterrupt
  File "/root/Ilicit-Transaction-Detection-in-Cryptocurrency-Networks/.venv/lib/python3.13/site-packages/joblib/externals/loky/process_executor.py", line 453, in _process_worker
    call_item = call_queue.get(block=True, timeout=timeout)
  File "/usr/lib/python3.13/multiprocessing/queues.py", line 106, in get
    if not self._rlock.acquire(block, timeout):
           ~~~~~~~~~~~~~~~~~~~^^^^^^^^^^^^^^^^
  File "/root/Ilicit-Transaction-Detection-in-Cryptocurrency-Networks/.venv/lib/python3.13/site-packages/joblib/externals/loky/process_executor.py", line 453, in _process_worker
    call_item = call_queue.get(block=True, timeout=timeout)
  File "/root/Ilicit-Transaction-Detection-in-Cryptocurrency-Networks/.venv/lib/python3.13/site-packages/joblib/externals/loky/process_executor.py", line 453, in _process_worker
    call_item = call_queue.get(block=True, timeout=timeout)

During handling of the above exception, another exception occurred:

  File "/usr/lib/python3.13/multiprocessing/queues.py", line 106, in get
    if not self._rlock.acquire(block, timeout):
           ~~~~~~~~~~~~~~~~~~~^^^^^^^^^^^^^^^^
KeyboardInterrupt
  File "/usr/lib/python3.13/multiprocessing/queues.py", line 106, in get
    if not self._rlock.acquire(block, timeout):
           ~~~~~~~~~~~~~~~~~~~^^^^^^^^^^^^^^^^
  File "/usr/lib/python3.13/multiprocessing/queues.py", line 106, in get
    if not self._rlock.acquire(block, timeout):
           ~~~~~~~~~~~~~~~~~~~^^^^^^^^^^^^^^^^
  File "/root/Ilicit-Transaction-Detection-in-Cryptocurrency-Networks/.venv/lib/python3.13/site-packages/joblib/externals/loky/process_executor.py", line 453, in _process_worker
    call_item = call_queue.get(block=True, timeout=timeout)
  File "/root/Ilicit-Transaction-Detection-in-Cryptocurrency-Networks/.venv/lib/python3.13/site-packages/joblib/externals/loky/process_executor.py", line 453, in _process_worker
    call_item = call_queue.get(block=True, timeout=timeout)
Traceback (most recent call last):
  File "/root/Ilicit-Transaction-Detection-in-Cryptocurrency-Networks/.venv/lib/python3.13/site-packages/joblib/externals/loky/process_executor.py", line 453, in _process_worker
    call_item = call_queue.get(block=True, timeout=timeout)
  File "/root/Ilicit-Transaction-Detection-in-Cryptocurrency-Networks/.venv/lib/python3.13/site-packages/joblib/externals/loky/process_executor.py", line 453, in _process_worker
    call_item = call_queue.get(block=True, timeout=timeout)
KeyboardInterrupt
  File "/usr/lib/python3.13/multiprocessing/queues.py", line 106, in get
    if not self._rlock.acquire(block, timeout):
           ~~~~~~~~~~~~~~~~~~~^^^^^^^^^^^^^^^^
KeyboardInterrupt
KeyboardInterrupt

During handling of the above exception, another exception occurred:

  File "/usr/lib/python3.13/multiprocessing/queues.py", line 106, in get
    if not self._rlock.acquire(block, timeout):
           ~~~~~~~~~~~~~~~~~~~^^^^^^^^^^^^^^^^
  File "/usr/lib/python3.13/multiprocessing/queues.py", line 106, in get
    if not self._rlock.acquire(block, timeout):
           ~~~~~~~~~~~~~~~~~~~^^^^^^^^^^^^^^^^
  File "/usr/lib/python3.13/multiprocessing/queues.py", line 106, in get
    if not self._rlock.acquire(block, timeout):
           ~~~~~~~~~~~~~~~~~~~^^^^^^^^^^^^^^^^
KeyboardInterrupt
Traceback (most recent call last):

During handling of the above exception, another exception occurred:

KeyboardInterrupt
KeyboardInterrupt
KeyboardInterrupt

During handling of the above exception, another exception occurred:


During handling of the above exception, another exception occurred:

Traceback (most recent call last):
  File "/root/Ilicit-Transaction-Detection-in-Cryptocurrency-Networks/.venv/lib/python3.13/site-packages/joblib/externals/loky/process_executor.py", line 453, in _process_worker
    call_item = call_queue.get(block=True, timeout=timeout)
  File "/root/Ilicit-Transaction-Detection-in-Cryptocurrency-Networks/.venv/lib/python3.13/site-packages/joblib/externals/loky/process_executor.py", line 453, in _process_worker
    call_item = call_queue.get(block=True, timeout=timeout)
Traceback (most recent call last):

During handling of the above exception, another exception occurred:

Traceback (most recent call last):

During handling of the above exception, another exception occurred:


During handling of the above exception, another exception occurred:


During handling of the above exception, another exception occurred:

  File "/root/Ilicit-Transaction-Detection-in-Cryptocurrency-Networks/.venv/lib/python3.13/site-packages/joblib/externals/loky/process_executor.py", line 453, in _process_worker
    call_item = call_queue.get(block=True, timeout=timeout)
  File "/usr/lib/python3.13/multiprocessing/queues.py", line 106, in get
    if not self._rlock.acquire(block, timeout):
           ~~~~~~~~~~~~~~~~~~~^^^^^^^^^^^^^^^^
  File "/usr/lib/python3.13/multiprocessing/queues.py", line 106, in get
    if not self._rlock.acquire(block, timeout):
           ~~~~~~~~~~~~~~~~~~~^^^^^^^^^^^^^^^^
Traceback (most recent call last):
Traceback (most recent call last):
Traceback (most recent call last):
Traceback (most recent call last):
  File "/usr/lib/python3.13/multiprocessing/queues.py", line 106, in get
    if not self._rlock.acquire(block, timeout):
           ~~~~~~~~~~~~~~~~~~~^^^^^^^^^^^^^^^^
KeyboardInterrupt
KeyboardInterrupt
  File "/usr/lib/python3.13/multiprocessing/process.py", line 313, in _bootstrap
    self.run()
    ~~~~~~~~^^
  File "/usr/lib/python3.13/multiprocessing/process.py", line 108, in run
    self._target(*self._args, **self._kwargs)
    ~~~~~~~~~~~~^^^^^^^^^^^^^^^^^^^^^^^^^^^^^
KeyboardInterrupt
  File "/root/Ilicit-Transaction-Detection-in-Cryptocurrency-Networks/.venv/lib/python3.13/site-packages/joblib/externals/loky/process_executor.py", line 465, in _process_worker
    previous_tb = traceback.format_exc()
Traceback (most recent call last):

During handling of the above exception, another exception occurred:

  File "/usr/lib/python3.13/traceback.py", line 210, in format_exc
    def format_exc(limit=None, chain=True):
    
Traceback (most recent call last):
KeyboardInterrupt

During handling of the above exception, another exception occurred:

  File "/usr/lib/python3.13/multiprocessing/process.py", line 313, in _bootstrap
    self.run()
    ~~~~~~~~^^
Traceback (most recent call last):

During handling of the above exception, another exception occurred:

  File "/usr/lib/python3.13/multiprocessing/process.py", line 108, in run
    self._target(*self._args, **self._kwargs)
    ~~~~~~~~~~~~^^^^^^^^^^^^^^^^^^^^^^^^^^^^^
Traceback (most recent call last):
  File "/root/Ilicit-Transaction-Detection-in-Cryptocurrency-Networks/.venv/lib/python3.13/site-packages/joblib/externals/loky/process_executor.py", line 465, in _process_worker
    previous_tb = traceback.format_exc()
  File "/usr/lib/python3.13/traceback.py", line 210, in format_exc
    def format_exc(limit=None, chain=True):
    
KeyboardInterrupt
  File "/usr/lib/python3.13/multiprocessing/process.py", line 313, in _bootstrap
    self.run()
    ~~~~~~~~^^
  File "/usr/lib/python3.13/multiprocessing/process.py", line 108, in run
    self._target(*self._args, **self._kwargs)
    ~~~~~~~~~~~~^^^^^^^^^^^^^^^^^^^^^^^^^^^^^
  File "/root/Ilicit-Transaction-Detection-in-Cryptocurrency-Networks/.venv/lib/python3.13/site-packages/joblib/externals/loky/process_executor.py", line 465, in _process_worker
    previous_tb = traceback.format_exc()
  File "/usr/lib/python3.13/traceback.py", line 210, in format_exc
    def format_exc(limit=None, chain=True):
    
KeyboardInterrupt
  File "/usr/lib/python3.13/multiprocessing/process.py", line 313, in _bootstrap
    self.run()
    ~~~~~~~~^^
  File "/usr/lib/python3.13/multiprocessing/process.py", line 108, in run
    self._target(*self._args, **self._kwargs)
    ~~~~~~~~~~~~^^^^^^^^^^^^^^^^^^^^^^^^^^^^^
  File "/root/Ilicit-Transaction-Detection-in-Cryptocurrency-Networks/.venv/lib/python3.13/site-packages/joblib/externals/loky/process_executor.py", line 465, in _process_worker
    previous_tb = traceback.format_exc()
  File "/usr/lib/python3.13/traceback.py", line 212, in format_exc
    return "".join(format_exception(sys.exception(), limit=limit, chain=chain))
                   ~~~~~~~~~~~~~~~~^^^^^^^^^^^^^^^^^^^^^^^^^^^^^^^^^^^^^^^^^^^
  File "/usr/lib/python3.13/traceback.py", line 154, in format_exception
    te = TracebackException(type(value), value, tb, limit=limit, compact=True)
                            ~~~~^^^^^^^
  File "/usr/lib/python3.13/multiprocessing/process.py", line 313, in _bootstrap
    self.run()
    ~~~~~~~~^^
  File "/usr/lib/python3.13/multiprocessing/process.py", line 108, in run
    self._target(*self._args, **self._kwargs)
    ~~~~~~~~~~~~^^^^^^^^^^^^^^^^^^^^^^^^^^^^^
KeyboardInterrupt
  File "/root/Ilicit-Transaction-Detection-in-Cryptocurrency-Networks/.venv/lib/python3.13/site-packages/joblib/externals/loky/process_executor.py", line 465, in _process_worker
    previous_tb = traceback.format_exc()
  File "/usr/lib/python3.13/traceback.py", line 212, in format_exc
    return "".join(format_exception(sys.exception(), limit=limit, chain=chain))
                   ~~~~~~~~~~~~~~~~^^^^^^^^^^^^^^^^^^^^^^^^^^^^^^^^^^^^^^^^^^^
  File "/usr/lib/python3.13/traceback.py", line 152, in format_exception
    colorize = kwargs.get("colorize", False)
  File "/usr/lib/python3.13/multiprocessing/process.py", line 313, in _bootstrap
    self.run()
    ~~~~~~~~^^
KeyboardInterrupt
  File "/usr/lib/python3.13/multiprocessing/process.py", line 108, in run
    self._target(*self._args, **self._kwargs)
    ~~~~~~~~~~~~^^^^^^^^^^^^^^^^^^^^^^^^^^^^^
  File "/root/Ilicit-Transaction-Detection-in-Cryptocurrency-Networks/.venv/lib/python3.13/site-packages/joblib/externals/loky/process_executor.py", line 465, in _process_worker
    previous_tb = traceback.format_exc()
  File "/usr/lib/python3.13/traceback.py", line 212, in format_exc
    return "".join(format_exception(sys.exception(), limit=limit, chain=chain))
                   ~~~~~~~~~~~~~~~~^^^^^^^^^^^^^^^^^^^^^^^^^^^^^^^^^^^^^^^^^^^
  File "/usr/lib/python3.13/traceback.py", line 154, in format_exception
    te = TracebackException(type(value), value, tb, limit=limit, compact=True)
  File "/usr/lib/python3.13/traceback.py", line 1052, in __init__
    self.stack = StackSummary._extract_from_extended_frame_gen(
                 ~~~~~~~~~~~~~~~~~~~~~~~~~~~~~~~~~~~~~~~~~~~~~^
        _walk_tb_with_full_positions(exc_traceback),
        ^^^^^^^^^^^^^^^^^^^^^^^^^^^^^^^^^^^^^^^^^^^^
        limit=limit, lookup_lines=lookup_lines,
        ^^^^^^^^^^^^^^^^^^^^^^^^^^^^^^^^^^^^^^^
        capture_locals=capture_locals)
        ^^^^^^^^^^^^^^^^^^^^^^^^^^^^^^
  File "/usr/lib/python3.13/traceback.py", line 481, in _extract_from_extended_frame_gen
    linecache.lazycache(filename, f.f_globals)
    ~~~~~~~~~~~~~~~~~~~^^^^^^^^^^^^^^^^^^^^^^^
  File "/usr/lib/python3.13/multiprocessing/process.py", line 313, in _bootstrap
    self.run()
    ~~~~~~~~^^
  File "/usr/lib/python3.13/linecache.py", line 184, in lazycache
    def lazycache(filename, module_globals):
    
  File "/usr/lib/python3.13/multiprocessing/process.py", line 108, in run
    self._target(*self._args, **self._kwargs)
    ~~~~~~~~~~~~^^^^^^^^^^^^^^^^^^^^^^^^^^^^^
  File "/root/Ilicit-Transaction-Detection-in-Cryptocurrency-Networks/.venv/lib/python3.13/site-packages/joblib/externals/loky/process_executor.py", line 465, in _process_worker
    previous_tb = traceback.format_exc()
KeyboardInterrupt
  File "/usr/lib/python3.13/traceback.py", line 212, in format_exc
    return "".join(format_exception(sys.exception(), limit=limit, chain=chain))
                   ~~~~~~~~~~~~~~~~^^^^^^^^^^^^^^^^^^^^^^^^^^^^^^^^^^^^^^^^^^^
  File "/usr/lib/python3.13/traceback.py", line 153, in format_exception
    value, tb = _parse_value_tb(exc, value, tb)
                ~~~~~~~~~~~~~~~^^^^^^^^^^^^^^^^
  File "/usr/lib/python3.13/traceback.py", line 105, in _parse_value_tb
    if isinstance(exc, BaseException):
       ~~~~~~~~~~^^^^^^^^^^^^^^^^^^^^
  File "/usr/lib/python3.13/multiprocessing/process.py", line 313, in _bootstrap
    self.run()
    ~~~~~~~~^^
  File "/usr/lib/python3.13/multiprocessing/process.py", line 108, in run
    self._target(*self._args, **self._kwargs)
    ~~~~~~~~~~~~^^^^^^^^^^^^^^^^^^^^^^^^^^^^^
KeyboardInterrupt
  File "/usr/lib/python3.13/multiprocessing/process.py", line 313, in _bootstrap
    self.run()
    ~~~~~~~~^^
  File "/usr/lib/python3.13/multiprocessing/process.py", line 313, in _bootstrap
    self.run()
    ~~~~~~~~^^
  File "/usr/lib/python3.13/multiprocessing/process.py", line 313, in _bootstrap
    self.run()
    ~~~~~~~~^^
  File "/root/Ilicit-Transaction-Detection-in-Cryptocurrency-Networks/.venv/lib/python3.13/site-packages/joblib/externals/loky/process_executor.py", line 465, in _process_worker
    previous_tb = traceback.format_exc()
  File "/usr/lib/python3.13/multiprocessing/process.py", line 108, in run
    self._target(*self._args, **self._kwargs)
    ~~~~~~~~~~~~^^^^^^^^^^^^^^^^^^^^^^^^^^^^^
  File "/usr/lib/python3.13/multiprocessing/process.py", line 108, in run
    self._target(*self._args, **self._kwargs)
    ~~~~~~~~~~~~^^^^^^^^^^^^^^^^^^^^^^^^^^^^^
  File "/usr/lib/python3.13/multiprocessing/process.py", line 108, in run
    self._target(*self._args, **self._kwargs)
    ~~~~~~~~~~~~^^^^^^^^^^^^^^^^^^^^^^^^^^^^^
  File "/usr/lib/python3.13/traceback.py", line 212, in format_exc
    return "".join(format_exception(sys.exception(), limit=limit, chain=chain))
                   ~~~~~~~~~~~~~~~~^^^^^^^^^^^^^^^^^^^^^^^^^^^^^^^^^^^^^^^^^^^
  File "/root/Ilicit-Transaction-Detection-in-Cryptocurrency-Networks/.venv/lib/python3.13/site-packages/joblib/externals/loky/process_executor.py", line 453, in _process_worker
    call_item = call_queue.get(block=True, timeout=timeout)
  File "/root/Ilicit-Transaction-Detection-in-Cryptocurrency-Networks/.venv/lib/python3.13/site-packages/joblib/externals/loky/process_executor.py", line 465, in _process_worker
    previous_tb = traceback.format_exc()
  File "/root/Ilicit-Transaction-Detection-in-Cryptocurrency-Networks/.venv/lib/python3.13/site-packages/joblib/externals/loky/process_executor.py", line 465, in _process_worker
    previous_tb = traceback.format_exc()
  File "/root/Ilicit-Transaction-Detection-in-Cryptocurrency-Networks/.venv/lib/python3.13/site-packages/joblib/externals/loky/process_executor.py", line 465, in _process_worker
    previous_tb = traceback.format_exc()
  File "/usr/lib/python3.13/traceback.py", line 154, in format_exception
    te = TracebackException(type(value), value, tb, limit=limit, compact=True)
  File "/usr/lib/python3.13/traceback.py", line 212, in format_exc
    return "".join(format_exception(sys.exception(), limit=limit, chain=chain))
                   ~~~~~~~~~~~~~~~~^^^^^^^^^^^^^^^^^^^^^^^^^^^^^^^^^^^^^^^^^^^
  File "/usr/lib/python3.13/multiprocessing/queues.py", line 111, in get
    if not self._poll(timeout):
           ~~~~~~~~~~^^^^^^^^^
  File "/usr/lib/python3.13/traceback.py", line 212, in format_exc
    return "".join(format_exception(sys.exception(), limit=limit, chain=chain))
                   ~~~~~~~~~~~~~~~~^^^^^^^^^^^^^^^^^^^^^^^^^^^^^^^^^^^^^^^^^^^
  File "/usr/lib/python3.13/traceback.py", line 212, in format_exc
    return "".join(format_exception(sys.exception(), limit=limit, chain=chain))
                   ~~~~~~~~~~~~~~~~^^^^^^^^^^^^^^^^^^^^^^^^^^^^^^^^^^^^^^^^^^^
  File "/usr/lib/python3.13/traceback.py", line 1037, in __init__
    def __init__(self, exc_type, exc_value, exc_traceback, *, limit=None,
    
  File "/usr/lib/python3.13/traceback.py", line 154, in format_exception
    te = TracebackException(type(value), value, tb, limit=limit, compact=True)
  File "/usr/lib/python3.13/multiprocessing/connection.py", line 257, in poll
    return self._poll(timeout)
           ~~~~~~~~~~^^^^^^^^^
  File "/usr/lib/python3.13/traceback.py", line 154, in format_exception
    te = TracebackException(type(value), value, tb, limit=limit, compact=True)
  File "/usr/lib/python3.13/traceback.py", line 154, in format_exception
    te = TracebackException(type(value), value, tb, limit=limit, compact=True)
KeyboardInterrupt
  File "/usr/lib/python3.13/multiprocessing/connection.py", line 440, in _poll
    r = wait([self], timeout)
  File "/usr/lib/python3.13/traceback.py", line 1052, in __init__
    self.stack = StackSummary._extract_from_extended_frame_gen(
                 ~~~~~~~~~~~~~~~~~~~~~~~~~~~~~~~~~~~~~~~~~~~~~^
        _walk_tb_with_full_positions(exc_traceback),
        ^^^^^^^^^^^^^^^^^^^^^^^^^^^^^^^^^^^^^^^^^^^^
        limit=limit, lookup_lines=lookup_lines,
        ^^^^^^^^^^^^^^^^^^^^^^^^^^^^^^^^^^^^^^^
        capture_locals=capture_locals)
        ^^^^^^^^^^^^^^^^^^^^^^^^^^^^^^
  File "/usr/lib/python3.13/traceback.py", line 476, in _extract_from_extended_frame_gen
    for f, (lineno, end_lineno, colno, end_colno) in frame_gen:
                                                     ^^^^^^^^^
  File "/usr/lib/python3.13/traceback.py", line 408, in _walk_tb_with_full_positions
    positions = _get_code_position(tb.tb_frame.f_code, tb.tb_lasti)
  File "/usr/lib/python3.13/traceback.py", line 422, in _get_code_position
    return next(itertools.islice(positions_gen, instruction_index // 2, None))
  File "/usr/lib/python3.13/traceback.py", line 1052, in __init__
    self.stack = StackSummary._extract_from_extended_frame_gen(
                 ~~~~~~~~~~~~~~~~~~~~~~~~~~~~~~~~~~~~~~~~~~~~~^
        _walk_tb_with_full_positions(exc_traceback),
        ^^^^^^^^^^^^^^^^^^^^^^^^^^^^^^^^^^^^^^^^^^^^
        limit=limit, lookup_lines=lookup_lines,
        ^^^^^^^^^^^^^^^^^^^^^^^^^^^^^^^^^^^^^^^
        capture_locals=capture_locals)
        ^^^^^^^^^^^^^^^^^^^^^^^^^^^^^^
  File "/usr/lib/python3.13/traceback.py", line 1052, in __init__
    self.stack = StackSummary._extract_from_extended_frame_gen(
                 ~~~~~~~~~~~~~~~~~~~~~~~~~~~~~~~~~~~~~~~~~~~~~^
        _walk_tb_with_full_positions(exc_traceback),
        ^^^^^^^^^^^^^^^^^^^^^^^^^^^^^^^^^^^^^^^^^^^^
        limit=limit, lookup_lines=lookup_lines,
        ^^^^^^^^^^^^^^^^^^^^^^^^^^^^^^^^^^^^^^^
        capture_locals=capture_locals)
        ^^^^^^^^^^^^^^^^^^^^^^^^^^^^^^
  File "/usr/lib/python3.13/multiprocessing/connection.py", line 1148, in wait
    ready = selector.select(timeout)
  File "/usr/lib/python3.13/traceback.py", line 480, in _extract_from_extended_frame_gen
    fnames.add(filename)
    ~~~~~~~~~~^^^^^^^^^^
  File "/usr/lib/python3.13/traceback.py", line 453, in _extract_from_extended_frame_gen
    @classmethod
    
KeyboardInterrupt
  File "/usr/lib/python3.13/selectors.py", line 398, in select
    fd_event_list = self._selector.poll(timeout)
KeyboardInterrupt
KeyboardInterrupt
KeyboardInterrupt

During handling of the above exception, another exception occurred:

Traceback (most recent call last):
  File "/usr/lib/python3.13/multiprocessing/process.py", line 313, in _bootstrap
    self.run()
    ~~~~~~~~^^
  File "/usr/lib/python3.13/multiprocessing/process.py", line 108, in run
    self._target(*self._args, **self._kwargs)
    ~~~~~~~~~~~~^^^^^^^^^^^^^^^^^^^^^^^^^^^^^
  File "/root/Ilicit-Transaction-Detection-in-Cryptocurrency-Networks/.venv/lib/python3.13/site-packages/joblib/externals/loky/process_executor.py", line 465, in _process_worker
    previous_tb = traceback.format_exc()
  File "/usr/lib/python3.13/traceback.py", line 212, in format_exc
    return "".join(format_exception(sys.exception(), limit=limit, chain=chain))
                   ~~~~~~~~~~~~~~~~^^^^^^^^^^^^^^^^^^^^^^^^^^^^^^^^^^^^^^^^^^^
  File "/usr/lib/python3.13/traceback.py", line 154, in format_exception
    te = TracebackException(type(value), value, tb, limit=limit, compact=True)
  File "/usr/lib/python3.13/traceback.py", line 1052, in __init__
    self.stack = StackSummary._extract_from_extended_frame_gen(
                 ~~~~~~~~~~~~~~~~~~~~~~~~~~~~~~~~~~~~~~~~~~~~~^
        _walk_tb_with_full_positions(exc_traceback),
        ^^^^^^^^^^^^^^^^^^^^^^^^^^^^^^^^^^^^^^^^^^^^
        limit=limit, lookup_lines=lookup_lines,
        ^^^^^^^^^^^^^^^^^^^^^^^^^^^^^^^^^^^^^^^
        capture_locals=capture_locals)
        ^^^^^^^^^^^^^^^^^^^^^^^^^^^^^^
  File "/usr/lib/python3.13/traceback.py", line 476, in _extract_from_extended_frame_gen
    for f, (lineno, end_lineno, colno, end_colno) in frame_gen:
                                                     ^^^^^^^^^
  File "/usr/lib/python3.13/traceback.py", line 408, in _walk_tb_with_full_positions
    positions = _get_code_position(tb.tb_frame.f_code, tb.tb_lasti)
  File "/usr/lib/python3.13/traceback.py", line 418, in _get_code_position
    def _get_code_position(code, instruction_index):
    
KeyboardInterrupt
  File "/usr/lib/python3.13/multiprocessing/process.py", line 313, in _bootstrap
    self.run()
    ~~~~~~~~^^
  File "/usr/lib/python3.13/multiprocessing/process.py", line 108, in run
    self._target(*self._args, **self._kwargs)
    ~~~~~~~~~~~~^^^^^^^^^^^^^^^^^^^^^^^^^^^^^
  File "/root/Ilicit-Transaction-Detection-in-Cryptocurrency-Networks/.venv/lib/python3.13/site-packages/joblib/externals/loky/process_executor.py", line 465, in _process_worker
    previous_tb = traceback.format_exc()
  File "/usr/lib/python3.13/traceback.py", line 212, in format_exc
    return "".join(format_exception(sys.exception(), limit=limit, chain=chain))
                                    ~~~~~~~~~~~~~^^
KeyboardInterrupt
Traceback (most recent call last):
  File "/root/Ilicit-Transaction-Detection-in-Cryptocurrency-Networks/.venv/lib/python3.13/site-packages/joblib/parallel.py", line 1682, in _get_outputs
    yield from self._retrieve()
  File "/root/Ilicit-Transaction-Detection-in-Cryptocurrency-Networks/.venv/lib/python3.13/site-packages/joblib/parallel.py", line 1800, in _retrieve
    time.sleep(0.01)
    ~~~~~~~~~~^^^^^^
KeyboardInterrupt

During handling of the above exception, another exception occurred:

Traceback (most recent call last):
  File "/root/Ilicit-Transaction-Detection-in-Cryptocurrency-Networks/illicitTransactionDetection.py", line 672, in <module>
    lr_model.fit(X_train_scaled, y_train_modeling)
    ~~~~~~~~~~~~^^^^^^^^^^^^^^^^^^^^^^^^^^^^^^^^^^
  File "/root/Ilicit-Transaction-Detection-in-Cryptocurrency-Networks/.venv/lib/python3.13/site-packages/sklearn/base.py", line 1365, in wrapper
    return fit_method(estimator, *args, **kwargs)
  File "/root/Ilicit-Transaction-Detection-in-Cryptocurrency-Networks/.venv/lib/python3.13/site-packages/sklearn/linear_model/_logistic.py", line 1384, in fit
    fold_coefs_ = Parallel(n_jobs=self.n_jobs, verbose=self.verbose, prefer=prefer)(
        path_func(
    ...<20 lines>...
        for class_, warm_start_coef_ in zip(classes_, warm_start_coef)
    )
  File "/root/Ilicit-Transaction-Detection-in-Cryptocurrency-Networks/.venv/lib/python3.13/site-packages/sklearn/utils/parallel.py", line 82, in __call__
    return super().__call__(iterable_with_config_and_warning_filters)
           ~~~~~~~~~~~~~~~~^^^^^^^^^^^^^^^^^^^^^^^^^^^^^^^^^^^^^^^^^^
  File "/root/Ilicit-Transaction-Detection-in-Cryptocurrency-Networks/.venv/lib/python3.13/site-packages/joblib/parallel.py", line 2072, in __call__
    return output if self.return_generator else list(output)
                                                ~~~~^^^^^^^^
  File "/root/Ilicit-Transaction-Detection-in-Cryptocurrency-Networks/.venv/lib/python3.13/site-packages/joblib/parallel.py", line 1732, in _get_outputs
    self._abort()
    ~~~~~~~~~~~^^
  File "/root/Ilicit-Transaction-Detection-in-Cryptocurrency-Networks/.venv/lib/python3.13/site-packages/joblib/parallel.py", line 1646, in _abort
    backend.abort_everything(ensure_ready=ensure_ready)
    ~~~~~~~~~~~~~~~~~~~~~~~~^^^^^^^^^^^^^^^^^^^^^^^^^^^
  File "/root/Ilicit-Transaction-Detection-in-Cryptocurrency-Networks/.venv/lib/python3.13/site-packages/joblib/_parallel_backends.py", line 725, in abort_everything
    self._workers.terminate(kill_workers=True)
    ~~~~~~~~~~~~~~~~~~~~~~~^^^^^^^^^^^^^^^^^^^
  File "/root/Ilicit-Transaction-Detection-in-Cryptocurrency-Networks/.venv/lib/python3.13/site-packages/joblib/executor.py", line 85, in terminate
    def terminate(self, kill_workers=False):
    
KeyboardInterrupt
/root/Ilicit-Transaction-Detection-in-Cryptocurrency-Networks/.venv/lib/python3.13/site-packages/joblib/externals/loky/backend/resource_tracker.py:359: UserWarning: resource_tracker: There appear to be 1 leaked file objects to clean up at shutdown
  warnings.warn(
