nohup: ignoring input
          node_ID  time_step  feature_1  ...  feature_163  feature_164  feature_165
0         5530458          1  -0.171484  ...    -0.097524    -0.120613    -0.119792
1       232022460          1  -0.172107  ...    -0.183671    -0.120613    -0.119792
2       232438397          1   0.163054  ...     0.677799    -0.120613    -0.119792
3       230460314          1   1.011523  ...     1.293750     0.178136     0.179117
4       230459870          1   0.961040  ...     1.149556    -0.696053    -0.695540
...           ...        ...        ...  ...          ...          ...          ...
203763  173077460         49  -0.145771  ...    -0.097524    -0.120613    -0.119792
203764  158577750         49  -0.165920  ...    -0.140597    -1.760926    -1.760984
203765  158375402         49  -0.172014  ...    -0.097524    -0.120613    -0.119792
203766  158654197         49  -0.172842  ...    -0.140597     1.519700     1.521399
203767  157597225         49  -0.012037  ...    -0.140597     1.519700     1.521399

[203768 rows x 167 columns]
Merged dataset info:
Shape: (203768, 168)
Columns: ['node_ID', 'time_step', 'feature_1', 'feature_2', 'feature_3', 'feature_4', 'feature_5', 'feature_6', 'feature_7', 'feature_8', 'feature_9', 'feature_10', 'feature_11', 'feature_12', 'feature_13', 'feature_14', 'feature_15', 'feature_16', 'feature_17', 'feature_18', 'feature_19', 'feature_20', 'feature_21', 'feature_22', 'feature_23', 'feature_24', 'feature_25', 'feature_26', 'feature_27', 'feature_28', 'feature_29', 'feature_30', 'feature_31', 'feature_32', 'feature_33', 'feature_34', 'feature_35', 'feature_36', 'feature_37', 'feature_38', 'feature_39', 'feature_40', 'feature_41', 'feature_42', 'feature_43', 'feature_44', 'feature_45', 'feature_46', 'feature_47', 'feature_48', 'feature_49', 'feature_50', 'feature_51', 'feature_52', 'feature_53', 'feature_54', 'feature_55', 'feature_56', 'feature_57', 'feature_58', 'feature_59', 'feature_60', 'feature_61', 'feature_62', 'feature_63', 'feature_64', 'feature_65', 'feature_66', 'feature_67', 'feature_68', 'feature_69', 'feature_70', 'feature_71', 'feature_72', 'feature_73', 'feature_74', 'feature_75', 'feature_76', 'feature_77', 'feature_78', 'feature_79', 'feature_80', 'feature_81', 'feature_82', 'feature_83', 'feature_84', 'feature_85', 'feature_86', 'feature_87', 'feature_88', 'feature_89', 'feature_90', 'feature_91', 'feature_92', 'feature_93', 'feature_94', 'feature_95', 'feature_96', 'feature_97', 'feature_98', 'feature_99', 'feature_100', 'feature_101', 'feature_102', 'feature_103', 'feature_104', 'feature_105', 'feature_106', 'feature_107', 'feature_108', 'feature_109', 'feature_110', 'feature_111', 'feature_112', 'feature_113', 'feature_114', 'feature_115', 'feature_116', 'feature_117', 'feature_118', 'feature_119', 'feature_120', 'feature_121', 'feature_122', 'feature_123', 'feature_124', 'feature_125', 'feature_126', 'feature_127', 'feature_128', 'feature_129', 'feature_130', 'feature_131', 'feature_132', 'feature_133', 'feature_134', 'feature_135', 'feature_136', 'feature_137', 'feature_138', 'feature_139', 'feature_140', 'feature_141', 'feature_142', 'feature_143', 'feature_144', 'feature_145', 'feature_146', 'feature_147', 'feature_148', 'feature_149', 'feature_150', 'feature_151', 'feature_152', 'feature_153', 'feature_154', 'feature_155', 'feature_156', 'feature_157', 'feature_158', 'feature_159', 'feature_160', 'feature_161', 'feature_162', 'feature_163', 'feature_164', 'feature_165', 'class_label']
Number of edges in the transaction network: 234355
Shape of dataset: (203768, 168)
Class Distribution:
unknown: 157204 transactions (77.15%)
2: 42019 transactions (20.62%)
1: 4545 transactions (2.23%)
Edgelist info:
Shape: (234355, 2)
Columns: ['txId1', 'txId2']
Missing values analysis:
Total missing values: 0
Columns with missing values: Series([], dtype: int64)

Basic statistics for first few features:
Time step analysis:
Time steps range: 1 to 49
Number of unique time steps: 49
Transactions per time step:
time_step
1     7879
2     4544
3     6621
4     5693
5     6803
6     4328
7     6048
8     4457
9     4996
10    6727
Name: count, dtype: int64
Feature scale comparison:
         feature_1     feature_2  feature_3     feature_4     feature_5
min  -1.729826e-01 -2.105526e-01  -1.756361 -1.219696e-01 -6.372457e-02
max   7.168197e+01  7.359505e+01   2.683580  4.902760e+01  2.600907e+02
mean  8.414927e-07  9.062637e-07   0.000006  5.985709e-07  2.153162e-07
std   1.000005e+00  1.000005e+00   1.000001  1.000005e+00  1.000005e+00
Class distribution by time period:
class_label    1     2  unknown
time_step                      
1             17  2130     5732
2             18  1099     3427
3             11  1268     5342
4             30  1410     4253
5              8  1874     4921
6              5   480     3843
7            102  1101     4845
8             67  1098     3292
9            248   530     4218
10            18   954     5755
Available columns: ['1', '2', 'unknown']
Illicit transaction percentage by time period:
class_label  illicit_percentage
time_step                      
1                          0.22
2                          0.40
3                          0.17
4                          0.53
5                          0.12
6                          0.12
7                          1.69
8                          1.50
9                          4.96
10                         0.27
11                         3.05
12                         0.78
13                         6.43
14                         2.13
15                         4.04
16                         4.30
17                         2.92
18                         2.63
19                         2.28
20                         6.06
21                         2.83
22                         2.68
23                         1.27
24                         2.98
25                         5.10
26                         3.80
27                         2.20
28                         5.14
29                         7.70
30                         3.34
31                         3.76
32                         7.56
33                         0.73
34                         1.49
35                         3.30
36                         0.52
37                         1.21
38                         3.84
39                         2.93
40                         2.50
41                         2.17
42                         3.35
43                         0.47
44                         0.48
45                         0.09
46                         0.06
47                         0.43
48                         1.22
49                         2.28
Feature comparison between high and low fraud periods:
High fraud periods - Feature means:
feature_1   -0.060535
feature_2   -0.132504
feature_3   -0.311435
dtype: float64

Low fraud periods - Feature means:
feature_1    0.110429
feature_2   -0.157417
feature_3   -0.879280
dtype: float64
Data Distribution for Modeling:
==================================================
Labeled transactions: 46,564 (22.9%)
Unlabeled transactions: 157,204 (77.1%)

Labeled class distribution:
Class 2: 42,019 transactions (90.2%)
Class 1: 4,545 transactions (9.8%)

Class imbalance ratio (illicit:licit): 1:9
Temporal distribution of labeled data:
==================================================
Time periods with labeled data:
class_label    1     2  total_labeled  illicit_pct
time_step                                         
1             17  2130           2147          0.8
2             18  1099           1117          1.6
3             11  1268           1279          0.9
4             30  1410           1440          2.1
5              8  1874           1882          0.4
6              5   480            485          1.0
7            102  1101           1203          8.5
8             67  1098           1165          5.8
9            248   530            778         31.9
10            18   954            972          1.9

Time periods with no labeled data:
All time periods have some labeled data
TRAIN/TEST SPLIT STRATEGY ANALYSIS
==================================================
Option 1: Random Split (ignoring temporal structure)
Random split - Train: 37,251, Test: 9,313
Train class distribution: {'2': 33615, '1': 3636}
Test class distribution: {'2': 8404, '1': 909}

Option 2: Temporal Split (respecting time structure)
Temporal split - Train (≤35): 31,235, Test (>35): 15,329
Train class distribution: {'2': 27591, '1': 3644}
Test class distribution: {'2': 14428, '1': 901}

Train period illicit rate: 11.7%
Test period illicit rate: 5.9%
FRAUD CAMPAIGN ANALYSIS - TRAIN VS TEST
==================================================
Train periods: [np.int64(1), np.int64(2), np.int64(3), np.int64(4), np.int64(5), np.int64(6), np.int64(7), np.int64(8), np.int64(9), np.int64(10), np.int64(11), np.int64(12), np.int64(13), np.int64(14), np.int64(15), np.int64(16), np.int64(17), np.int64(18), np.int64(19), np.int64(20), np.int64(21), np.int64(22), np.int64(23), np.int64(24), np.int64(25), np.int64(26), np.int64(27), np.int64(28), np.int64(29), np.int64(30), np.int64(31), np.int64(32), np.int64(33), np.int64(34), np.int64(35)]
Test periods: [np.int64(36), np.int64(37), np.int64(38), np.int64(39), np.int64(40), np.int64(41), np.int64(42), np.int64(43), np.int64(44), np.int64(45), np.int64(46), np.int64(47), np.int64(48), np.int64(49)]

Major fraud campaigns in TRAIN: [13, 20, 9, 16, 15]
Major fraud campaigns in TEST: []

Implication: Model will have fraud campaign examples for training
IMPLEMENTING HYBRID PSEUDO-LABELING + SMOTE STRATEGY
============================================================
Step 1: Training initial model on 31,235 labeled samples from periods 1-35
Training data illicit rate: 11.7%

Step 2: Generating pseudo-labels for 157,204 unlabeled transactions...

Pseudo-labeling confidence analysis:
Confidence > 0.8: 136,427 predictions (86.8%)
  Predicted illicit: 3,108, Predicted licit: 133,319
  Ratio (licit:illicit): 42.9:1
Confidence > 0.9: 109,663 predictions (69.8%)
  Predicted illicit: 2,113, Predicted licit: 107,550
  Ratio (licit:illicit): 50.9:1
Confidence > 0.95: 79,066 predictions (50.3%)
  Predicted illicit: 1,779, Predicted licit: 77,287
  Ratio (licit:illicit): 43.4:1

Step 3: Creating enhanced training dataset with pseudo-labels
============================================================
Selected 109,663 high-confidence pseudo-labels (threshold: 0.9)
Pseudo-label distribution:
  Class 2: 107,550 (98.1%)
  Class 1: 2,113 (1.9%)

Combining original labeled data with pseudo-labels:
Original labeled data: 31,235
High-confidence pseudo-labels: 109,663
Enhanced training set size: 140,898
Enhanced class distribution:
  Class 2: 135,141 (95.9%)
  Class 1: 5,757 (4.1%)

Class imbalance improvement:
Original ratio (licit:illicit): 9:1
Enhanced ratio (licit:illicit): 23.5:1

Step 4: Applying SMOTE for additional class balancing
============================================================
Checking for missing values...
Total NaN values found: 0

Applying SMOTE with sampling strategy 0.2 (target ratio ~1:5)
Before SMOTE: 140,898 samples
After SMOTE: 162,169 samples
Final class distribution:
  Class 2: 135,141 (83.3%)
  Class 1: 27,028 (16.7%)

Final class ratio (licit:illicit): 5.0:1

Summary of hybrid approach effectiveness:
Original labeled data: 31,235 (ratio 9:1)
+ Pseudo-labeling: 140,898 (ratio 23.5:1)
+ SMOTE: 162,169 (ratio 5.0:1)
TEMPORAL FEATURE ENGINEERING
============================================================
Creating temporal features...
Temporal features created:
- time_step_normalized: count    203768.000000
mean          0.475918
std           0.316086
min           0.000000
25%           0.166667
50%           0.458333
75%           0.770833
max           1.000000
Name: time_step_normalized, dtype: float64
- time_period_early: 77,603 transactions
- time_period_mid: 56,175 transactions
- time_period_late: 69,990 transactions
- in_fraud_campaign: 20,429 transactions (10.0%)

Temporal features by transaction class:

Class 1 (illicit):
  In fraud campaign: 23.6%
  Early period: 28.2%
  Mid period: 47.2%
  Late period: 24.6%

Class 2 (licit):
  In fraud campaign: 6.1%
  Early period: 35.1%
  Mid period: 26.6%
  Late period: 38.2%
GRAPH-BASED FEATURE ENGINEERING
============================================================
Building directed transaction graph G = (N, E)...
Graph constructed in 0.70s
  Nodes (transactions): 203,769
  Edges (Bitcoin flows): 234,355
  Network density: 0.000006

Calculating structural features for all transactions...
Degree centrality calculated (0.27s)
Calculating PageRank scores...
PageRank calculated (0.42s)

============================================================
GRAPH FEATURE ANALYSIS BY TRANSACTION CLASS
============================================================

Illicit Transactions (Class 1, n=4,545):
  Mean in-degree:    1.270
  Mean out-degree:   0.742
  Mean total degree: 2.012
  Mean PageRank:     0.00000418
  Max PageRank:      0.00040572

Licit Transactions (Class 2, n=42,019):
  Mean in-degree:    1.909
  Mean out-degree:   1.186
  Mean total degree: 3.095
  Mean PageRank:     0.00000596
  Max PageRank:      0.00052677

Graph-based feature engineering completed
New features added: in_degree, out_degree, total_degree, pagerank
PREPARING FEATURES AND LABELS
============================================================
Total features: 165
  Original features:  165

Converting SMOTE arrays to DataFrames...
Preparing test data from periods 36-49...
Checking for NaN values in test data...
Total NaN values in test set: 0

Train set: (162169, 165)
Test set:  (61997, 165)

Class distribution (train): {'2': 135141, '1': 27028}
Class distribution (test):  {'unknown': 46668, '2': 14428, '1': 901}

Feature preparation completed
TRAINING BASELINE MODEL: LOGISTIC REGRESSION
============================================================
Scaling features...
Training Logistic Regression...

Filtering test set to labeled transactions only...
Evaluating on 15,329 labeled test samples
  Illicit: 901
  Licit: 14,428

============================================================
LOGISTIC REGRESSION RESULTS
============================================================

Classification Report:
              precision    recall  f1-score   support

   Licit (2)       0.41      0.67      0.51       901
 Illicit (1)       0.98      0.94      0.96     14428

    accuracy                           0.92     15329
   macro avg       0.70      0.81      0.74     15329
weighted avg       0.95      0.92      0.93     15329


Confusion Matrix:
[[  607   294]
 [  859 13569]]
  True Negatives:  607
  False Positives: 294
  False Negatives: 859
  True Positives:  13,569

AUC-ROC: 0.9230
AUC-PR:  0.0308
MCC:     0.4912

Logistic Regression training completed
TRAINING BASELINE MODEL: RANDOM FOREST
============================================================
Training Random Forest...

============================================================
RANDOM FOREST RESULTS
============================================================

Classification Report:
              precision    recall  f1-score   support

   Licit (2)       0.98      0.52      0.68       901
 Illicit (1)       0.97      1.00      0.99     14428

    accuracy                           0.97     15329
   macro avg       0.98      0.76      0.83     15329
weighted avg       0.97      0.97      0.97     15329


Confusion Matrix:
[[  471   430]
 [    9 14419]]
  True Negatives:  471
  False Positives: 430
  False Negatives: 9
  True Positives:  14,419

AUC-ROC: 0.9183
AUC-PR:  0.0308
MCC:     0.7051

============================================================
TOP 10 MOST IMPORTANT FEATURES
============================================================
    feature  importance
  feature_5    0.056410
 feature_14    0.055354
 feature_18    0.052273
 feature_90    0.046336
feature_138    0.038031
 feature_60    0.037383
 feature_66    0.035354
feature_132    0.035268
 feature_84    0.026294
 feature_29    0.022748

Random Forest training completed
TRAINING BASELINE MODEL: XGBOOST
============================================================

Class imbalance in training: 5.0:1
Using scale_pos_weight = 5.00

Training XGBoost...

============================================================
XGBOOST RESULTS
============================================================

Classification Report:
              precision    recall  f1-score   support

   Licit (0)       0.97      1.00      0.99     14428
 Illicit (1)       0.99      0.59      0.74       901

    accuracy                           0.98     15329
   macro avg       0.98      0.79      0.86     15329
weighted avg       0.98      0.98      0.97     15329


Confusion Matrix:
[[14421     7]
 [  372   529]]
  True Negatives:  14,421
  False Positives: 7
  False Negatives: 372
  True Positives:  529

AUC-ROC: 0.9429
AUC-PR:  0.7861
MCC:     0.7512

============================================================
TOP 10 MOST IMPORTANT FEATURES (XGBoost)
============================================================
    feature  importance
  feature_5    0.321131
 feature_14    0.212839
 feature_46    0.036697
 feature_81    0.028646
 feature_55    0.024007
 feature_41    0.023076
feature_160    0.020265
 feature_40    0.020030
feature_163    0.018339
 feature_22    0.014831

XGBoost training completed
THRESHOLD OPTIMIZATION ANALYSIS
============================================================
Analyzing different probability thresholds for XGBoost...
(Default threshold is 0.5, but we can optimize for better precision-recall balance)

================================================================================
THRESHOLD OPTIMIZATION RESULTS
================================================================================

Threshold    Precision    Recall       F1-Score     Specificity 
--------------------------------------------------------------------------------
0.10         0.979        0.634        0.770        0.999        ← BEST F1
0.15         0.982        0.620        0.761        0.999       
0.20         0.984        0.612        0.754        0.999       
0.25         0.987        0.600        0.747        1.000        ← BEST PRECISION
0.30         0.987        0.594        0.742        1.000       
0.35         0.987        0.594        0.742        1.000       
0.40         0.987        0.592        0.740        1.000       
0.45         0.987        0.587        0.736        1.000       
0.50         0.987        0.587        0.736        1.000       
0.55         0.987        0.586        0.735        1.000       
0.60         0.987        0.586        0.735        1.000       
0.65         0.987        0.586        0.735        1.000       
0.70         0.987        0.585        0.734        1.000       
0.75         0.987        0.585        0.734        1.000       
0.80         0.987        0.583        0.733        1.000       
0.85         0.987        0.582        0.732        1.000       

================================================================================
RECOMMENDATIONS
================================================================================

1. BALANCED APPROACH (Best F1-Score):
   Threshold: 0.10
   Precision: 0.979
   Recall: 0.634
   F1-Score: 0.770
   → Use when you want balance between catching fraud and minimizing false alarms

2. HIGH PRECISION (Minimize False Alarms):
   Threshold: 0.60
   Precision: 0.987
   Recall: 0.586
   F1-Score: 0.735
   → Use when false alarms are very costly

3. HIGH RECALL (Catch More Fraud):
   Threshold: 0.30
   Precision: 0.987
   Recall: 0.594
   F1-Score: 0.742
   → Use when missing fraud is very costly

Threshold optimization completed
ENSEMBLE MODEL - WEIGHTED VOTING
============================================================
Individual model AUC-ROC scores:
  Logistic Regression: 0.9230
  Random Forest:       0.9183
  XGBoost:            0.9429

DEBUG: Checking probability alignment...
  LR proba shape: (61997, 2)
  LR classes: ['1' '2']
  RF classes: ['1' '2']
  XGB classes: [0 1]

DEBUG: Probability statistics for illicit class:
  LR mean: 0.1208
  RF mean: 0.0451
  XGB mean: 0.0360

Ensemble weights:
  Logistic Regression: 0.332
  Random Forest:       0.330
  XGBoost:            0.339

DEBUG: Ensemble probability statistics:
  Mean: 0.0671
  Min: 0.0000
  Max: 0.9999

============================================================
ENSEMBLE MODEL RESULTS
============================================================

Classification Report:
              precision    recall  f1-score   support

   Licit (2)       0.98      0.58      0.73       901
 Illicit (1)       0.97      1.00      0.99     14428

    accuracy                           0.97     15329
   macro avg       0.98      0.79      0.86     15329
weighted avg       0.98      0.97      0.97     15329


Confusion Matrix:
[[  526   375]
 [   10 14418]]
  True Negatives:  526
  False Positives: 375
  False Negatives: 10
  True Positives:  14,418

AUC-ROC: 0.9373
AUC-PR:  0.7654
MCC:     0.7466

Ensemble model training completed
================================================================================
COMPREHENSIVE MODEL COMPARISON
================================================================================

================================================================================
PERFORMANCE METRICS COMPARISON
================================================================================
              Model  AUC-ROC   AUC-PR      MCC  Precision (Illicit)  Recall (Illicit)  F1-Score (Illicit)
Logistic Regression 0.922981 0.030788 0.491191             0.978792          0.940463            0.959245
      Random Forest 0.918261 0.030780 0.705138             0.971042          0.999376            0.985005
            XGBoost 0.942900 0.786087 0.751150             0.986940          0.587125            0.736256
Ensemble (Weighted) 0.937338 0.765354 0.746621             0.974650          0.999307            0.986825

================================================================================
BEST MODELS BY METRIC
================================================================================
AUC-ROC                  : XGBoost                   (0.9429)
AUC-PR                   : XGBoost                   (0.7861)
MCC                      : XGBoost                   (0.7512)
Precision (Illicit)      : XGBoost                   (0.9869)
Recall (Illicit)         : Random Forest             (0.9994)
F1-Score (Illicit)       : Ensemble (Weighted)       (0.9868)

================================================================================
IMPROVEMENT OVER BASELINE (Logistic Regression)
================================================================================

Random Forest:
  AUC-ROC                  : ↓   0.51%
  AUC-PR                   : ↓   0.03%
  MCC                      : ↑  43.56%
  Precision (Illicit)      : ↓   0.79%
  Recall (Illicit)         : ↑   6.26%
  F1-Score (Illicit)       : ↑   2.69%

XGBoost:
  AUC-ROC                  : ↑   2.16%
  AUC-PR                   : ↑ 2453.23%
  MCC                      : ↑  52.92%
  Precision (Illicit)      : ↑   0.83%
  Recall (Illicit)         : ↓  37.57%
  F1-Score (Illicit)       : ↓  23.25%

Ensemble (Weighted):
  AUC-ROC                  : ↑   1.56%
  AUC-PR                   : ↑ 2385.89%
  MCC                      : ↑  52.00%
  Precision (Illicit)      : ↓   0.42%
  Recall (Illicit)         : ↑   6.26%
  F1-Score (Illicit)       : ↑   2.88%

================================================================================
KEY FINDINGS
================================================================================

1. BEST OVERALL MODEL: XGBoost
   - Highest AUC-ROC: 0.9429
   - Best discrimination between fraud and legitimate

2. BEST FOR FRAUD DETECTION: Ensemble (Weighted)
   - Highest F1-Score for illicit class: 0.9868
   - Best balance of precision and recall for fraud

3. IMPROVEMENT FROM LOGISTIC REGRESSION:
   - F1-Score improved by: 2.9%
   - Precision improved by: 0.8%

4. RECOMMENDATION: Use XGBoost for production
   - Combines strengths of multiple models
   - More robust to different fraud patterns
   - Better generalization

Model comparison completed
================================================================================
CREATING THESIS VISUALIZATIONS
================================================================================

Visualization saved as 'model_comparison_visualization.png'

================================================================================
VISUALIZATION COMPLETE!
================================================================================

Key Insights from Visualizations:
1. ROC Curve: Shows model discrimination ability (higher AUC = better)
2. PR Curve: More informative for imbalanced data (focus on this!)
3. Threshold Optimization: Helps choose operational threshold based on business needs
4. Bar Chart: Quick comparison of key fraud detection metrics
================================================================================
DEEP LEARNING CONFIGURATION LOADED
================================================================================

LSTM Architecture:
  Hidden dim: 64
  Num layers: 1
  Dropout: 0.3
  Bidirectional: False

GNN Architecture:
  Type: GraphSAGE
  Hidden dim: 128
  Num layers: 2
  Dropout: 0.3

Training:
  Batch size: 256
  Max epochs: 15
  Learning rate: 0.001
  Early stopping patience: 5

Device:
  Force CPU: True
  Random seed: 42

Explainability:
  Use SHAP: True
  SHAP samples: 100

================================================================================
Configuration ready for all deep learning experiments
================================================================================
================================================================================
DEEP LEARNING ENVIRONMENT SETUP
================================================================================

PyTorch Version: 2.9.0+cu128
CUDA Available: True
MPS (Apple Silicon GPU) Available: False

Note: Using CPU for LSTM training due to MPS compatibility issues
CPU training completes in approximately 10-15 minutes for this dataset
CUDA Device: NVIDIA L40S
Using NVIDIA CUDA GPU for training

Device selected: cuda

Deep learning environment configured successfully
================================================================================
PREPARING TEMPORAL SEQUENCE DATA FOR LSTM
================================================================================

Note: Using CPU for tensor conversion to ensure compatibility
Tensors will be moved to appropriate device during training

Converting training data to PyTorch tensors...
Training tensor shape: torch.Size([162169, 165])
Training labels shape: torch.Size([162169])
Training tensor device: cpu
Training class distribution: {np.int64(0): np.int64(135141), np.int64(1): np.int64(27028)}

Converting test data to PyTorch tensors...
Test tensor shape: torch.Size([61997, 165])
Test labels shape: torch.Size([61997])
Test tensor device: cpu

DataLoaders created:
  Batch size: 128
  Training batches: 1267
  Test batches: 485

Data prepared successfully
Tensors will be moved to cuda during training

Temporal sequence data preparation completed
================================================================================
BUILDING SIMPLIFIED LSTM TEMPORAL MODEL
================================================================================

Model Architecture (Optimized for CPU):
  Input dimension: 165
  Hidden dimension: 64 (reduced for speed)
  Number of LSTM layers: 1 (unidirectional)
  Dropout rate: 0.3

Total parameters: 61,282
Trainable parameters: 61,282

Simplified LSTM model built successfully (no attention mechanism)
================================================================================
TRAINING LSTM MODEL
================================================================================

Training configuration:
  Device: cpu
  Epochs: 15
  Batch size: 256
  Learning rate: 0.001
  Training samples: 162,169
  Test samples: 61,997

Starting training...
================================================================================
Batches per epoch: 634
Sanity check passed - Model forward pass OK

  Epoch 1/15 | Batch 200/634 | Loss: 0.0541 | Time: 5s
  Epoch 1/15 | Batch 400/634 | Loss: 0.0768 | Time: 10s
  Epoch 1/15 | Batch 600/634 | Loss: 0.0655 | Time: 15s

Epoch [1/15] - 17.8s
  Train Loss: 0.1086 | Val Loss: 0.2140
  Total elapsed: 0.3 min
  Model saved (val_loss improved)
--------------------------------------------------------------------------------
  Epoch 2/15 | Batch 200/634 | Loss: 0.0604 | Time: 23s
  Epoch 2/15 | Batch 400/634 | Loss: 0.0392 | Time: 29s
  Epoch 2/15 | Batch 600/634 | Loss: 0.0193 | Time: 33s

Epoch [2/15] - 17.5s
  Train Loss: 0.0343 | Val Loss: 0.2280
  Total elapsed: 0.6 min
  No improvement (patience: 1/5)
--------------------------------------------------------------------------------
  Epoch 3/15 | Batch 200/634 | Loss: 0.0382 | Time: 40s
  Epoch 3/15 | Batch 400/634 | Loss: 0.0197 | Time: 44s
  Epoch 3/15 | Batch 600/634 | Loss: 0.0237 | Time: 50s

Epoch [3/15] - 16.7s
  Train Loss: 0.0256 | Val Loss: 0.2668
  Total elapsed: 0.9 min
  No improvement (patience: 2/5)
--------------------------------------------------------------------------------
  Epoch 4/15 | Batch 200/634 | Loss: 0.0139 | Time: 57s
  Epoch 4/15 | Batch 400/634 | Loss: 0.0174 | Time: 62s
  Epoch 4/15 | Batch 600/634 | Loss: 0.0158 | Time: 66s

Epoch [4/15] - 16.4s
  Train Loss: 0.0203 | Val Loss: 0.2584
  Total elapsed: 1.1 min
  No improvement (patience: 3/5)
--------------------------------------------------------------------------------
  Epoch 5/15 | Batch 200/634 | Loss: 0.0179 | Time: 73s
  Epoch 5/15 | Batch 400/634 | Loss: 0.0137 | Time: 77s
  Epoch 5/15 | Batch 600/634 | Loss: 0.0323 | Time: 81s

Epoch [5/15] - 14.4s
  Train Loss: 0.0173 | Val Loss: 0.2619
  Total elapsed: 1.4 min
  No improvement (patience: 4/5)
--------------------------------------------------------------------------------
  Epoch 6/15 | Batch 200/634 | Loss: 0.0170 | Time: 87s
  Epoch 6/15 | Batch 400/634 | Loss: 0.0637 | Time: 91s
  Epoch 6/15 | Batch 600/634 | Loss: 0.0129 | Time: 96s

Epoch [6/15] - 14.6s
  Train Loss: 0.0128 | Val Loss: 0.2846
  Total elapsed: 1.6 min
  No improvement (patience: 5/5)

Early stopping at epoch 6

================================================================================
LSTM TRAINING COMPLETED
================================================================================
Total training time: 1.62 minutes
Best validation loss: 0.2140
Epochs completed: 6/15

Best model loaded and ready for evaluation
================================================================================
LSTM MODEL EVALUATION
================================================================================

LSTM Performance Metrics:
----------------------------------------
AUC-ROC: 0.8382
AUC-PR:  0.1576
MCC:     0.3077

Classification Report:
              precision    recall  f1-score   support

       Licit     0.9939    0.9584    0.9758     61096
     Illicit     0.1755    0.6004    0.2716       901

    accuracy                         0.9532     61997
   macro avg     0.5847    0.7794    0.6237     61997
weighted avg     0.9820    0.9532    0.9656     61997


Confusion Matrix:
[[58554  2542]
 [  360   541]]

True Negatives: 58,554 | False Positives: 2,542
False Negatives: 360 | True Positives: 541

================================================================================
COMPARISON WITH BASELINE ENSEMBLE
================================================================================
Baseline Ensemble AUC-ROC: 0.9373
LSTM AUC-ROC:              0.8382
Improvement:               -0.0991 (-10.57%)
Traceback (most recent call last):
  File "/root/Ilicit-Transaction-Detection-in-Cryptocurrency-Networks/illicitTransactionDetection.py", line 1859, in <module>
    fpr_lstm, tpr_lstm, _ = roc_curve(y_test, y_prob_lstm)
                                      ^^^^^^
NameError: name 'y_test' is not defined
